[2026-04-30 16:19:12] Pushed changes.
[2026-04-30 16:29:13] Pushed changes.
[2026-04-30 16:39:12] Pushed changes.
[2026-04-30 16:49:12] Pushed changes.
[2026-04-30 16:59:09] Pushed changes.
[2026-04-30 17:09:09] Pushed changes.
[2026-04-30 17:19:09] Pushed changes.
[2026-04-30 17:29:08] Pushed changes.
[2026-04-30 21:29:12] Pushed changes.
[2026-04-30 21:39:10] Pushed changes.
[2026-04-30 21:49:10] Pushed changes.
[2026-04-30 21:59:10] Pushed changes.
[2026-04-30 23:19:12] Pushed changes.
[2026-04-30 23:29:10] Pushed changes.
[2026-04-30 23:39:10] Pushed changes.
[2026-04-30 23:49:10] Pushed changes.
[2026-04-30 23:59:12] Pushed changes.
[2026-05-01 00:09:11] Pushed changes.
[2026-05-01 00:19:13] Pushed changes.
[2026-05-01 00:29:11] Pushed changes.
[2026-05-01 00:39:12] Pushed changes.
[2026-05-01 00:49:12] Pushed changes.
[2026-05-01 00:59:14] Pushed changes.
[2026-05-01 01:09:13] Pushed changes.
[2026-05-01 01:19:12] Pushed changes.
[2026-05-01 01:29:13] Pushed changes.
[2026-05-01 01:39:15] Pushed changes.
[2026-05-07 12:59:10] Pushed changes.
[2026-05-07 13:09:14] Pushed changes.
[2026-05-07 13:19:08] Pushed changes.
[2026-05-07 13:29:08] Pushed changes.
[2026-05-07 13:39:08] Pushed changes.
[2026-05-07 13:49:09] Pushed changes.
[2026-05-07 13:59:09] Pushed changes.
[2026-05-07 14:09:08] Pushed changes.
[2026-05-07 14:19:10] Pushed changes.
[2026-05-07 14:29:08] Pushed changes.
[2026-05-07 14:39:08] Pushed changes.
[2026-05-07 14:49:08] Pushed changes.
[2026-05-07 14:59:14] Pushed changes.
[2026-05-07 15:09:09] Pushed changes.
[2026-05-07 15:19:10] Pushed changes.
[2026-05-07 15:29:10] Pushed changes.
[2026-05-07 15:39:08] Pushed changes.
[2026-05-07 15:49:09] Pushed changes.
[2026-05-07 15:59:08] Pushed changes.
[2026-05-07 16:09:09] Pushed changes.
[2026-05-07 16:19:10] Pushed changes.
[2026-05-07 16:29:10] Pushed changes.
[2026-05-07 16:39:08] Pushed changes.
[2026-05-07 16:49:15] Pushed changes.
[2026-05-08 16:44:35] ERROR pull --rebase failed (even after include-untracked stash)
[2026-05-08 16:44:35] git : fatal: unable to access 'https://github.com/ayamenui/timecard.git/': Could not resolve host: github.com
”­¶êŠ C:\Users\hajih\dotfiles\scripts\auto-sync-all.ps1:75 •¶Žš:24
+             $pullOut = git pull --rebase 2>&1
+                        ~~~~~~~~~~~~~~~~~~~~~~
    + CategoryInfo          : NotSpecified: (fatal: unable t...ost: github.com:String) [], RemoteException
    + FullyQualifiedErrorId : NativeCommandError
[2026-05-08 16:49:56] Pushed changes.
[2026-05-08 16:59:10] Pushed changes.
[2026-05-08 20:23:17] ERROR pull --rebase failed (even after include-untracked stash)
[2026-05-08 20:23:17] git : fatal: unable to access 'https://github.com/ayamenui/timecard.git/': Could not resolve host: github.com
”­¶êŠ C:\Users\hajih\dotfiles\scripts\auto-sync-all.ps1:75 •¶Žš:24
+             $pullOut = git pull --rebase 2>&1
+                        ~~~~~~~~~~~~~~~~~~~~~~
    + CategoryInfo          : NotSpecified: (fatal: unable t...ost: github.com:String) [], RemoteException
    + FullyQualifiedErrorId : NativeCommandError
[2026-05-08 22:05:01] ERROR pull --rebase failed (even after include-untracked stash)
[2026-05-08 22:40:56] git : fatal: unable to access 'https://github.com/ayamenui/timecard.git/': Could not resolve host: github.com
”­¶êŠ C:\Users\hajih\dotfiles\scripts\auto-sync-all.ps1:75 •¶Žš:24
+             $pullOut = git pull --rebase 2>&1
+                        ~~~~~~~~~~~~~~~~~~~~~~
    + CategoryInfo          : NotSpecified: (fatal: unable t...ost: github.com:String) [], RemoteException
    + FullyQualifiedErrorId : NativeCommandError
[2026-05-10 10:14:27] ERROR pull --rebase failed (even after include-untracked stash)
[2026-05-10 10:14:27] git : fatal: unable to access 'https://github.com/ayamenui/timecard.git/': Could not resolve host: github.com
”­¶êŠ C:\Users\hajih\dotfiles\scripts\auto-sync-all.ps1:75 •¶Žš:24
+             $pullOut = git pull --rebase 2>&1
+                        ~~~~~~~~~~~~~~~~~~~~~~
    + CategoryInfo          : NotSpecified: (fatal: unable t...ost: github.com:String) [], RemoteException
    + FullyQualifiedErrorId : NativeCommandError
[2026-05-10 10:29:22] Pushed changes.
[2026-05-10 10:39:11] Pushed changes.
[2026-05-10 10:49:10] Pushed changes.
[2026-05-10 10:59:11] Pushed changes.
[2026-05-10 11:09:15] Pushed changes.
[2026-05-10 11:19:11] Pushed changes.
[2026-05-10 11:29:11] Pushed changes.
[2026-05-10 11:44:38] Pushed changes.
[2026-05-10 11:49:14] Pushed changes.
[2026-05-10 11:59:16] Pushed changes.
[2026-05-10 12:09:11] Pushed changes.
[2026-05-10 12:19:10] Pushed changes.
[2026-05-10 15:33:06] ERROR pull --rebase failed (even after include-untracked stash)
[2026-05-10 15:33:06] git : fatal: unable to access 'https://github.com/ayamenui/timecard.git/': Could not resolve host: github.com
”­¶êŠ C:\Users\hajih\dotfiles\scripts\auto-sync-all.ps1:75 •¶Žš:24
+             $pullOut = git pull --rebase 2>&1
+                        ~~~~~~~~~~~~~~~~~~~~~~
    + CategoryInfo          : NotSpecified: (fatal: unable t...ost: github.com:String) [], RemoteException
    + FullyQualifiedErrorId : NativeCommandError
[2026-05-10 22:09:13] Pushed changes.
[2026-05-10 22:29:40] Pushed changes.
[2026-05-11 10:29:15] Pushed changes.
[2026-05-11 17:09:12] Pushed changes.
[2026-05-11 17:33:11] Pushed changes.
[2026-05-12 17:36:29] ERROR pull --rebase failed (even after include-untracked stash)
[2026-05-12 17:36:30] git : fatal: unable to access 'https://github.com/ayamenui/timecard.git/': Could not resolve host: github.com
”­¶êŠ C:\Users\hajih\dotfiles\scripts\auto-sync-all.ps1:75 •¶Žš:24
+             $pullOut = git pull --rebase 2>&1
+                        ~~~~~~~~~~~~~~~~~~~~~~
    + CategoryInfo          : NotSpecified: (fatal: unable t...ost: github.com:String) [], RemoteException
    + FullyQualifiedErrorId : NativeCommandError
[2026-05-12 17:39:11] Pushed changes.
[2026-05-12 17:49:12] Pushed changes.
[2026-05-12 17:59:49] Pushed changes.
[2026-05-12 18:09:11] Pushed changes.
[2026-05-12 18:19:11] Pushed changes.
[2026-05-12 18:29:15] Pushed changes.
[2026-05-12 18:39:15] Pushed changes.
[2026-05-13 07:40:34] ERROR pull --rebase failed (even after include-untracked stash)
[2026-05-13 07:40:35] git : fatal: unable to access 'https://github.com/ayamenui/timecard.git/': Could not resolve host: github.com
”­¶êŠ C:\Users\hajih\dotfiles\scripts\auto-sync-all.ps1:75 •¶Žš:24
+             $pullOut = git pull --rebase 2>&1
+                        ~~~~~~~~~~~~~~~~~~~~~~
    + CategoryInfo          : NotSpecified: (fatal: unable t...ost: github.com:String) [], RemoteException
    + FullyQualifiedErrorId : NativeCommandError
[2026-05-13 18:19:16] Pushed changes.
[2026-05-13 19:09:27] Pushed changes.
[2026-05-13 19:19:13] Pushed changes.
[2026-05-13 19:29:14] Pushed changes.
[2026-05-14 14:34:24] Pushed changes.
[2026-05-15 12:30:47] ERROR pull --rebase failed (even after include-untracked stash)
[2026-05-15 12:30:51] git : fatal: unable to access 'https://github.com/ayamenui/timecard.git/': Could not resolve host: github.com
”­¶êŠ C:\Users\hajih\dotfiles\scripts\auto-sync-all.ps1:75 •¶Žš:24
+             $pullOut = git pull --rebase 2>&1
+                        ~~~~~~~~~~~~~~~~~~~~~~
    + CategoryInfo          : NotSpecified: (fatal: unable t...ost: github.com:String) [], RemoteException
    + FullyQualifiedErrorId : NativeCommandError
[2026-05-15 23:16:57] ERROR pull --rebase failed (even after include-untracked stash)
[2026-05-15 23:16:57] git : fatal: unable to access 'https://github.com/ayamenui/timecard.git/': Could not resolve host: github.com
”­¶êŠ C:\Users\hajih\dotfiles\scripts\auto-sync-all.ps1:75 •¶Žš:24
+             $pullOut = git pull --rebase 2>&1
+                        ~~~~~~~~~~~~~~~~~~~~~~
    + CategoryInfo          : NotSpecified: (fatal: unable t...ost: github.com:String) [], RemoteException
    + FullyQualifiedErrorId : NativeCommandError
[2026-05-15 23:19:12] Pushed changes.
[2026-05-15 23:59:16] Pushed changes.
[2026-05-18 10:08:41] Pushed changes.
[2026-05-18 10:19:21] Pushed changes.
[2026-05-19 21:49:17] Pushed changes.
[2026-05-19 21:59:19] Pushed changes.
[2026-05-19 22:09:14] Pushed changes.
[2026-05-19 22:19:17] Pushed changes.
[2026-05-19 22:29:14] Pushed changes.
[2026-05-19 22:39:12] Pushed changes.
[2026-05-19 22:49:18] Pushed changes.
[2026-05-19 22:59:15] Pushed changes.
[2026-05-19 23:09:12] Pushed changes.
[2026-05-19 23:19:13] Pushed changes.
[2026-05-19 23:29:15] Pushed changes.
[2026-05-19 23:50:11] Pushed changes.
[2026-05-19 23:59:16] Pushed changes.
[2026-05-20 00:09:19] Pushed changes.
[2026-05-20 00:19:16] Pushed changes.
[2026-05-20 00:29:17] Pushed changes.
[2026-05-20 00:40:06] Pushed changes.
[2026-05-20 00:49:11] Pushed changes.
[2026-05-20 00:59:11] Pushed changes.
[2026-05-20 01:09:25] Pushed changes.
